[1.426s] DEBUG:colcon:Command line arguments: ['/usr/bin/colcon', 'build', '--packages-select', 'pc21_sysid']
[1.427s] DEBUG:colcon:Parsed command line arguments: Namespace(log_base=None, log_level=None, verb_name='build', build_base='build', install_base='install', merge_install=False, symlink_install=False, test_result_base=None, continue_on_error=False, executor='parallel', parallel_workers=4, event_handlers=None, ignore_user_meta=False, metas=['./colcon.meta'], base_paths=['.'], packages_ignore=None, packages_ignore_regex=None, paths=None, packages_up_to=None, packages_up_to_regex=None, packages_above=None, packages_above_and_dependencies=None, packages_above_depth=None, packages_select_by_dep=None, packages_skip_by_dep=None, packages_skip_up_to=None, packages_select_build_failed=False, packages_skip_build_finished=False, packages_select_test_failures=False, packages_skip_test_passed=False, packages_select=['pc21_sysid'], packages_skip=None, packages_select_regex=None, packages_skip_regex=None, packages_start=None, packages_end=None, allow_overriding=[], cmake_args=None, cmake_target=None, cmake_target_skip_unavailable=False, cmake_clean_cache=False, cmake_clean_first=False, cmake_force_configure=False, ament_cmake_args=None, catkin_cmake_args=None, catkin_skip_building_tests=False, verb_parser=<colcon_defaults.argument_parser.defaults.DefaultArgumentsDecorator object at 0xffffbdd3a530>, verb_extension=<colcon_core.verb.build.BuildVerb object at 0xffffbde4ba00>, main=<bound method BuildVerb.main of <colcon_core.verb.build.BuildVerb object at 0xffffbde4ba00>>)
[3.552s] Level 1:colcon.colcon_core.package_discovery:discover_packages(colcon_meta) check parameters
[3.554s] Level 1:colcon.colcon_core.package_discovery:discover_packages(recursive) check parameters
[3.554s] Level 1:colcon.colcon_core.package_discovery:discover_packages(ignore) check parameters
[3.554s] Level 1:colcon.colcon_core.package_discovery:discover_packages(path) check parameters
[3.554s] Level 1:colcon.colcon_core.package_discovery:discover_packages(colcon_meta) discover
[3.555s] Level 1:colcon.colcon_core.package_discovery:discover_packages(recursive) discover
[3.555s] INFO:colcon.colcon_core.package_discovery:Crawling recursively for packages in '/home/tud-rpi-msc-bauer/px4_ros_ws/src/pc21_sysid'
[3.557s] Level 1:colcon.colcon_core.package_identification:_identify(.) by extensions ['ignore', 'ignore_ament_install']
[3.558s] Level 1:colcon.colcon_core.package_identification:_identify(.) by extension 'ignore'
[3.559s] Level 1:colcon.colcon_core.package_identification:_identify(.) by extension 'ignore_ament_install'
[3.560s] Level 1:colcon.colcon_core.package_identification:_identify(.) by extensions ['colcon_pkg']
[3.560s] Level 1:colcon.colcon_core.package_identification:_identify(.) by extension 'colcon_pkg'
[3.561s] Level 1:colcon.colcon_core.package_identification:_identify(.) by extensions ['colcon_meta']
[3.561s] Level 1:colcon.colcon_core.package_identification:_identify(.) by extension 'colcon_meta'
[3.562s] Level 1:colcon.colcon_core.package_identification:_identify(.) by extensions ['ros']
[3.562s] Level 1:colcon.colcon_core.package_identification:_identify(.) by extension 'ros'
[3.753s] DEBUG:colcon.colcon_core.package_identification:Package '.' with type 'ros.ament_cmake' and name 'pc21_sysid'
[3.754s] Level 1:colcon.colcon_core.package_discovery:discover_packages(recursive) using defaults
[3.754s] Level 1:colcon.colcon_core.package_discovery:discover_packages(ignore) discover
[3.755s] Level 1:colcon.colcon_core.package_discovery:discover_packages(ignore) using defaults
[3.755s] Level 1:colcon.colcon_core.package_discovery:discover_packages(path) discover
[3.755s] Level 1:colcon.colcon_core.package_discovery:discover_packages(path) using defaults
[3.997s] Level 1:colcon.colcon_core.package_discovery:discover_packages(prefix_path) check parameters
[3.997s] Level 1:colcon.colcon_core.package_discovery:discover_packages(prefix_path) discover
[4.043s] DEBUG:colcon.colcon_installed_package_information.package_discovery:Found 3 installed packages in /home/tud-rpi-msc-bauer/px4_ros_ws/install
[4.065s] DEBUG:colcon.colcon_installed_package_information.package_discovery:Found 1 installed packages in /home/tud-rpi-msc-bauer/px4_ros_uxrce_dds_ws/src/install
[4.087s] DEBUG:colcon.colcon_installed_package_information.package_discovery:Found 184 installed packages in /opt/ros/humble
[4.097s] Level 1:colcon.colcon_core.package_discovery:discover_packages(prefix_path) using defaults
[4.645s] Level 5:colcon.colcon_core.verb:set package 'pc21_sysid' build argument 'cmake_args' from command line to 'None'
[4.646s] Level 5:colcon.colcon_core.verb:set package 'pc21_sysid' build argument 'cmake_target' from command line to 'None'
[4.646s] Level 5:colcon.colcon_core.verb:set package 'pc21_sysid' build argument 'cmake_target_skip_unavailable' from command line to 'False'
[4.646s] Level 5:colcon.colcon_core.verb:set package 'pc21_sysid' build argument 'cmake_clean_cache' from command line to 'False'
[4.647s] Level 5:colcon.colcon_core.verb:set package 'pc21_sysid' build argument 'cmake_clean_first' from command line to 'False'
[4.647s] Level 5:colcon.colcon_core.verb:set package 'pc21_sysid' build argument 'cmake_force_configure' from command line to 'False'
[4.647s] Level 5:colcon.colcon_core.verb:set package 'pc21_sysid' build argument 'ament_cmake_args' from command line to 'None'
[4.647s] Level 5:colcon.colcon_core.verb:set package 'pc21_sysid' build argument 'catkin_cmake_args' from command line to 'None'
[4.647s] Level 5:colcon.colcon_core.verb:set package 'pc21_sysid' build argument 'catkin_skip_building_tests' from command line to 'False'
[4.648s] DEBUG:colcon.colcon_core.verb:Building package 'pc21_sysid' with the following arguments: {'ament_cmake_args': None, 'build_base': '/home/tud-rpi-msc-bauer/px4_ros_ws/src/pc21_sysid/build/pc21_sysid', 'catkin_cmake_args': None, 'catkin_skip_building_tests': False, 'cmake_args': None, 'cmake_clean_cache': False, 'cmake_clean_first': False, 'cmake_force_configure': False, 'cmake_target': None, 'cmake_target_skip_unavailable': False, 'install_base': '/home/tud-rpi-msc-bauer/px4_ros_ws/src/pc21_sysid/install/pc21_sysid', 'merge_install': False, 'path': '/home/tud-rpi-msc-bauer/px4_ros_ws/src/pc21_sysid', 'symlink_install': False, 'test_result_base': None}
[4.649s] INFO:colcon.colcon_core.executor:Executing jobs using 'parallel' executor
[4.655s] DEBUG:colcon.colcon_parallel_executor.executor.parallel:run_until_complete
[4.657s] INFO:colcon.colcon_ros.task.ament_cmake.build:Building ROS package in '/home/tud-rpi-msc-bauer/px4_ros_ws/src/pc21_sysid' with build type 'ament_cmake'
[4.660s] INFO:colcon.colcon_cmake.task.cmake.build:Building CMake package in '/home/tud-rpi-msc-bauer/px4_ros_ws/src/pc21_sysid'
[4.695s] INFO:colcon.colcon_core.plugin_system:Skipping extension 'colcon_core.shell.bat': Not used on non-Windows systems
[4.698s] INFO:colcon.colcon_core.shell:Skip shell extension 'powershell' for command environment: Not usable outside of PowerShell
[4.698s] DEBUG:colcon.colcon_core.shell:Skip shell extension 'dsv' for command environment
[4.843s] DEBUG:colcon.colcon_core.event_handler.log_command:Invoking command in '/home/tud-rpi-msc-bauer/px4_ros_ws/src/pc21_sysid/build/pc21_sysid': CMAKE_PREFIX_PATH=${CMAKE_PREFIX_PATH}:/opt/ros/humble /usr/bin/cmake /home/tud-rpi-msc-bauer/px4_ros_ws/src/pc21_sysid -DCMAKE_INSTALL_PREFIX=/home/tud-rpi-msc-bauer/px4_ros_ws/src/pc21_sysid/install/pc21_sysid
[22.101s] DEBUG:colcon.colcon_core.event_handler.log_command:Invoked command in '/home/tud-rpi-msc-bauer/px4_ros_ws/src/pc21_sysid/build/pc21_sysid' returned '0': CMAKE_PREFIX_PATH=${CMAKE_PREFIX_PATH}:/opt/ros/humble /usr/bin/cmake /home/tud-rpi-msc-bauer/px4_ros_ws/src/pc21_sysid -DCMAKE_INSTALL_PREFIX=/home/tud-rpi-msc-bauer/px4_ros_ws/src/pc21_sysid/install/pc21_sysid
[22.121s] DEBUG:colcon.colcon_core.event_handler.log_command:Invoking command in '/home/tud-rpi-msc-bauer/px4_ros_ws/src/pc21_sysid/build/pc21_sysid': CMAKE_PREFIX_PATH=${CMAKE_PREFIX_PATH}:/opt/ros/humble /usr/bin/cmake --build /home/tud-rpi-msc-bauer/px4_ros_ws/src/pc21_sysid/build/pc21_sysid -- -j4 -l4
[277.885s] DEBUG:colcon.colcon_core.event_handler.log_command:Invoked command in '/home/tud-rpi-msc-bauer/px4_ros_ws/src/pc21_sysid/build/pc21_sysid' returned '2': CMAKE_PREFIX_PATH=${CMAKE_PREFIX_PATH}:/opt/ros/humble /usr/bin/cmake --build /home/tud-rpi-msc-bauer/px4_ros_ws/src/pc21_sysid/build/pc21_sysid -- -j4 -l4
[278.269s] Level 1:colcon.colcon_core.environment:create_environment_scripts_only(pc21_sysid)
[278.712s] Level 1:colcon.colcon_core.environment:checking '/home/tud-rpi-msc-bauer/px4_ros_ws/src/pc21_sysid/install/pc21_sysid' for CMake module files
[278.724s] Level 1:colcon.colcon_core.environment:checking '/home/tud-rpi-msc-bauer/px4_ros_ws/src/pc21_sysid/install/pc21_sysid' for CMake config files
[278.753s] Level 1:colcon.colcon_core.environment:checking '/home/tud-rpi-msc-bauer/px4_ros_ws/src/pc21_sysid/install/pc21_sysid/bin'
[278.757s] Level 1:colcon.colcon_core.environment:checking '/home/tud-rpi-msc-bauer/px4_ros_ws/src/pc21_sysid/install/pc21_sysid/lib/pkgconfig/pc21_sysid.pc'
[278.807s] Level 1:colcon.colcon_core.environment:checking '/home/tud-rpi-msc-bauer/px4_ros_ws/src/pc21_sysid/install/pc21_sysid/lib/python3.10/site-packages'
[278.813s] Level 1:colcon.colcon_core.environment:checking '/home/tud-rpi-msc-bauer/px4_ros_ws/src/pc21_sysid/install/pc21_sysid/bin'
[278.824s] INFO:colcon.colcon_core.shell:Creating package script '/home/tud-rpi-msc-bauer/px4_ros_ws/src/pc21_sysid/install/pc21_sysid/share/pc21_sysid/package.ps1'
[278.971s] INFO:colcon.colcon_core.shell:Creating package descriptor '/home/tud-rpi-msc-bauer/px4_ros_ws/src/pc21_sysid/install/pc21_sysid/share/pc21_sysid/package.dsv'
[278.986s] INFO:colcon.colcon_core.shell:Creating package script '/home/tud-rpi-msc-bauer/px4_ros_ws/src/pc21_sysid/install/pc21_sysid/share/pc21_sysid/package.sh'
[278.998s] INFO:colcon.colcon_core.shell:Creating package script '/home/tud-rpi-msc-bauer/px4_ros_ws/src/pc21_sysid/install/pc21_sysid/share/pc21_sysid/package.bash'
[279.031s] INFO:colcon.colcon_core.shell:Creating package script '/home/tud-rpi-msc-bauer/px4_ros_ws/src/pc21_sysid/install/pc21_sysid/share/pc21_sysid/package.zsh'
[279.055s] Level 1:colcon.colcon_core.environment:create_file_with_runtime_dependencies(/home/tud-rpi-msc-bauer/px4_ros_ws/src/pc21_sysid/install/pc21_sysid/share/colcon-core/packages/pc21_sysid)
[279.127s] DEBUG:colcon.colcon_parallel_executor.executor.parallel:closing loop
[279.159s] DEBUG:colcon.colcon_parallel_executor.executor.parallel:loop closed
[279.163s] DEBUG:colcon.colcon_parallel_executor.executor.parallel:run_until_complete finished with '2'
[279.168s] DEBUG:colcon.colcon_core.event_reactor:joining thread
[279.201s] DEBUG:colcon.colcon_core.event_reactor:joined thread
[279.222s] INFO:colcon.colcon_core.shell:Creating prefix script '/home/tud-rpi-msc-bauer/px4_ros_ws/src/pc21_sysid/install/local_setup.ps1'
[279.240s] INFO:colcon.colcon_core.shell:Creating prefix util module '/home/tud-rpi-msc-bauer/px4_ros_ws/src/pc21_sysid/install/_local_setup_util_ps1.py'
[279.263s] INFO:colcon.colcon_core.shell:Creating prefix chain script '/home/tud-rpi-msc-bauer/px4_ros_ws/src/pc21_sysid/install/setup.ps1'
[279.298s] INFO:colcon.colcon_core.shell:Creating prefix script '/home/tud-rpi-msc-bauer/px4_ros_ws/src/pc21_sysid/install/local_setup.sh'
[279.308s] INFO:colcon.colcon_core.shell:Creating prefix util module '/home/tud-rpi-msc-bauer/px4_ros_ws/src/pc21_sysid/install/_local_setup_util_sh.py'
[279.314s] INFO:colcon.colcon_core.shell:Creating prefix chain script '/home/tud-rpi-msc-bauer/px4_ros_ws/src/pc21_sysid/install/setup.sh'
[279.335s] INFO:colcon.colcon_core.shell:Creating prefix script '/home/tud-rpi-msc-bauer/px4_ros_ws/src/pc21_sysid/install/local_setup.bash'
[279.345s] INFO:colcon.colcon_core.shell:Creating prefix chain script '/home/tud-rpi-msc-bauer/px4_ros_ws/src/pc21_sysid/install/setup.bash'
[279.361s] INFO:colcon.colcon_core.shell:Creating prefix script '/home/tud-rpi-msc-bauer/px4_ros_ws/src/pc21_sysid/install/local_setup.zsh'
[279.374s] INFO:colcon.colcon_core.shell:Creating prefix chain script '/home/tud-rpi-msc-bauer/px4_ros_ws/src/pc21_sysid/install/setup.zsh'
