[0.195s] Invoking command in '/home/tud-rpi-msc-bauer/px4_ros_ws/src/pc21_sysid/build/pc21_sysid': CMAKE_PREFIX_PATH=${CMAKE_PREFIX_PATH}:/opt/ros/humble /usr/bin/cmake --build /home/tud-rpi-msc-bauer/px4_ros_ws/src/pc21_sysid/build/pc21_sysid -- -j4 -l4
[1.156s] [35m[1mConsolidate compiler generated dependencies of target maneuver_runner[0m
[1.311s] [  0%] Built target ament_cmake_python_copy_pc21_sysid
[1.657s] [ 14%] [32mBuilding CXX object CMakeFiles/maneuver_runner.dir/src/maneuver_runner.cpp.o[0m
[3.592s] running egg_info
[3.598s] writing pc21_sysid.egg-info/PKG-INFO
[3.600s] writing dependency_links to pc21_sysid.egg-info/dependency_links.txt
[3.603s] writing top-level names to pc21_sysid.egg-info/top_level.txt
[3.626s] reading manifest file 'pc21_sysid.egg-info/SOURCES.txt'
[3.632s] writing manifest file 'pc21_sysid.egg-info/SOURCES.txt'
[3.899s] [ 14%] Built target ament_cmake_python_build_pc21_sysid_egg
[318.784s] [ 28%] [32m[1mLinking CXX executable maneuver_runner[0m
[329.224s] [100%] Built target maneuver_runner
[329.968s] Invoked command in '/home/tud-rpi-msc-bauer/px4_ros_ws/src/pc21_sysid/build/pc21_sysid' returned '0': CMAKE_PREFIX_PATH=${CMAKE_PREFIX_PATH}:/opt/ros/humble /usr/bin/cmake --build /home/tud-rpi-msc-bauer/px4_ros_ws/src/pc21_sysid/build/pc21_sysid -- -j4 -l4
[330.557s] Invoking command in '/home/tud-rpi-msc-bauer/px4_ros_ws/src/pc21_sysid/build/pc21_sysid': CMAKE_PREFIX_PATH=${CMAKE_PREFIX_PATH}:/opt/ros/humble /usr/bin/cmake --install /home/tud-rpi-msc-bauer/px4_ros_ws/src/pc21_sysid/build/pc21_sysid
[330.663s] -- Install configuration: ""
[330.673s] -- Installing: /home/tud-rpi-msc-bauer/px4_ros_ws/src/pc21_sysid/install/pc21_sysid/lib/pc21_sysid/maneuver_runner
[330.799s] -- Set runtime path of "/home/tud-rpi-msc-bauer/px4_ros_ws/src/pc21_sysid/install/pc21_sysid/lib/pc21_sysid/maneuver_runner" to ""
[330.803s] -- Installing: /home/tud-rpi-msc-bauer/px4_ros_ws/src/pc21_sysid/install/pc21_sysid/share/pc21_sysid/environment/pythonpath.sh
[330.806s] -- Installing: /home/tud-rpi-msc-bauer/px4_ros_ws/src/pc21_sysid/install/pc21_sysid/share/pc21_sysid/environment/pythonpath.dsv
[330.811s] -- Installing: /home/tud-rpi-msc-bauer/px4_ros_ws/src/pc21_sysid/install/pc21_sysid/local/lib/python3.10/dist-packages/pc21_sysid-0.1.0-py3.10.egg-info
[330.815s] -- Installing: /home/tud-rpi-msc-bauer/px4_ros_ws/src/pc21_sysid/install/pc21_sysid/local/lib/python3.10/dist-packages/pc21_sysid-0.1.0-py3.10.egg-info/PKG-INFO
[330.819s] -- Installing: /home/tud-rpi-msc-bauer/px4_ros_ws/src/pc21_sysid/install/pc21_sysid/local/lib/python3.10/dist-packages/pc21_sysid-0.1.0-py3.10.egg-info/top_level.txt
[330.822s] -- Installing: /home/tud-rpi-msc-bauer/px4_ros_ws/src/pc21_sysid/install/pc21_sysid/local/lib/python3.10/dist-packages/pc21_sysid-0.1.0-py3.10.egg-info/SOURCES.txt
[330.826s] -- Installing: /home/tud-rpi-msc-bauer/px4_ros_ws/src/pc21_sysid/install/pc21_sysid/local/lib/python3.10/dist-packages/pc21_sysid-0.1.0-py3.10.egg-info/dependency_links.txt
[330.835s] -- Installing: /home/tud-rpi-msc-bauer/px4_ros_ws/src/pc21_sysid/install/pc21_sysid/local/lib/python3.10/dist-packages/pc21_sysid
[330.843s] -- Installing: /home/tud-rpi-msc-bauer/px4_ros_ws/src/pc21_sysid/install/pc21_sysid/local/lib/python3.10/dist-packages/pc21_sysid/__init__.py
[330.851s] -- Installing: /home/tud-rpi-msc-bauer/px4_ros_ws/src/pc21_sysid/install/pc21_sysid/local/lib/python3.10/dist-packages/pc21_sysid/angular_velocity_logger.py
[330.855s] -- Installing: /home/tud-rpi-msc-bauer/px4_ros_ws/src/pc21_sysid/install/pc21_sysid/local/lib/python3.10/dist-packages/pc21_sysid/manual_control_stub.py
[331.657s] Listing '/home/tud-rpi-msc-bauer/px4_ros_ws/src/pc21_sysid/install/pc21_sysid/local/lib/python3.10/dist-packages/pc21_sysid'...
[331.658s] Compiling '/home/tud-rpi-msc-bauer/px4_ros_ws/src/pc21_sysid/install/pc21_sysid/local/lib/python3.10/dist-packages/pc21_sysid/__init__.py'...
[331.659s] Compiling '/home/tud-rpi-msc-bauer/px4_ros_ws/src/pc21_sysid/install/pc21_sysid/local/lib/python3.10/dist-packages/pc21_sysid/angular_velocity_logger.py'...
[331.660s] Compiling '/home/tud-rpi-msc-bauer/px4_ros_ws/src/pc21_sysid/install/pc21_sysid/local/lib/python3.10/dist-packages/pc21_sysid/manual_control_stub.py'...
[331.714s] -- Installing: /home/tud-rpi-msc-bauer/px4_ros_ws/src/pc21_sysid/install/pc21_sysid/lib/pc21_sysid/manual_control_stub
[331.717s] -- Installing: /home/tud-rpi-msc-bauer/px4_ros_ws/src/pc21_sysid/install/pc21_sysid/lib/pc21_sysid/angular_velocity_logger
[331.726s] -- Installing: /home/tud-rpi-msc-bauer/px4_ros_ws/src/pc21_sysid/install/pc21_sysid/share/ament_index/resource_index/package_run_dependencies/pc21_sysid
[331.733s] -- Installing: /home/tud-rpi-msc-bauer/px4_ros_ws/src/pc21_sysid/install/pc21_sysid/share/ament_index/resource_index/parent_prefix_path/pc21_sysid
[331.742s] -- Installing: /home/tud-rpi-msc-bauer/px4_ros_ws/src/pc21_sysid/install/pc21_sysid/share/pc21_sysid/environment/ament_prefix_path.sh
[331.746s] -- Installing: /home/tud-rpi-msc-bauer/px4_ros_ws/src/pc21_sysid/install/pc21_sysid/share/pc21_sysid/environment/ament_prefix_path.dsv
[331.751s] -- Installing: /home/tud-rpi-msc-bauer/px4_ros_ws/src/pc21_sysid/install/pc21_sysid/share/pc21_sysid/environment/path.sh
[331.755s] -- Installing: /home/tud-rpi-msc-bauer/px4_ros_ws/src/pc21_sysid/install/pc21_sysid/share/pc21_sysid/environment/path.dsv
[331.758s] -- Installing: /home/tud-rpi-msc-bauer/px4_ros_ws/src/pc21_sysid/install/pc21_sysid/share/pc21_sysid/local_setup.bash
[331.762s] -- Installing: /home/tud-rpi-msc-bauer/px4_ros_ws/src/pc21_sysid/install/pc21_sysid/share/pc21_sysid/local_setup.sh
[331.766s] -- Installing: /home/tud-rpi-msc-bauer/px4_ros_ws/src/pc21_sysid/install/pc21_sysid/share/pc21_sysid/local_setup.zsh
[331.769s] -- Installing: /home/tud-rpi-msc-bauer/px4_ros_ws/src/pc21_sysid/install/pc21_sysid/share/pc21_sysid/local_setup.dsv
[331.773s] -- Installing: /home/tud-rpi-msc-bauer/px4_ros_ws/src/pc21_sysid/install/pc21_sysid/share/pc21_sysid/package.dsv
[331.779s] -- Installing: /home/tud-rpi-msc-bauer/px4_ros_ws/src/pc21_sysid/install/pc21_sysid/share/ament_index/resource_index/packages/pc21_sysid
[331.784s] -- Installing: /home/tud-rpi-msc-bauer/px4_ros_ws/src/pc21_sysid/install/pc21_sysid/share/pc21_sysid/cmake/pc21_sysidConfig.cmake
[331.788s] -- Installing: /home/tud-rpi-msc-bauer/px4_ros_ws/src/pc21_sysid/install/pc21_sysid/share/pc21_sysid/cmake/pc21_sysidConfig-version.cmake
[331.792s] -- Installing: /home/tud-rpi-msc-bauer/px4_ros_ws/src/pc21_sysid/install/pc21_sysid/share/pc21_sysid/package.xml
[331.821s] Invoked command in '/home/tud-rpi-msc-bauer/px4_ros_ws/src/pc21_sysid/build/pc21_sysid' returned '0': CMAKE_PREFIX_PATH=${CMAKE_PREFIX_PATH}:/opt/ros/humble /usr/bin/cmake --install /home/tud-rpi-msc-bauer/px4_ros_ws/src/pc21_sysid/build/pc21_sysid
