[1.492s] DEBUG:colcon:Command line arguments: ['/usr/bin/colcon', 'build', '--packages-select', 'pc21_sysid']
[1.493s] DEBUG:colcon:Parsed command line arguments: Namespace(log_base=None, log_level=None, verb_name='build', build_base='build', install_base='install', merge_install=False, symlink_install=False, test_result_base=None, continue_on_error=False, executor='parallel', parallel_workers=4, event_handlers=None, ignore_user_meta=False, metas=['./colcon.meta'], base_paths=['.'], packages_ignore=None, packages_ignore_regex=None, paths=None, packages_up_to=None, packages_up_to_regex=None, packages_above=None, packages_above_and_dependencies=None, packages_above_depth=None, packages_select_by_dep=None, packages_skip_by_dep=None, packages_skip_up_to=None, packages_select_build_failed=False, packages_skip_build_finished=False, packages_select_test_failures=False, packages_skip_test_passed=False, packages_select=['pc21_sysid'], packages_skip=None, packages_select_regex=None, packages_skip_regex=None, packages_start=None, packages_end=None, allow_overriding=[], cmake_args=None, cmake_target=None, cmake_target_skip_unavailable=False, cmake_clean_cache=False, cmake_clean_first=False, cmake_force_configure=False, ament_cmake_args=None, catkin_cmake_args=None, catkin_skip_building_tests=False, verb_parser=<colcon_defaults.argument_parser.defaults.DefaultArgumentsDecorator object at 0xffff9cb9a560>, verb_extension=<colcon_core.verb.build.BuildVerb object at 0xffff9cca7a30>, main=<bound method BuildVerb.main of <colcon_core.verb.build.BuildVerb object at 0xffff9cca7a30>>)
[3.779s] Level 1:colcon.colcon_core.package_discovery:discover_packages(colcon_meta) check parameters
[3.780s] Level 1:colcon.colcon_core.package_discovery:discover_packages(recursive) check parameters
[3.781s] Level 1:colcon.colcon_core.package_discovery:discover_packages(ignore) check parameters
[3.781s] Level 1:colcon.colcon_core.package_discovery:discover_packages(path) check parameters
[3.781s] Level 1:colcon.colcon_core.package_discovery:discover_packages(colcon_meta) discover
[3.782s] Level 1:colcon.colcon_core.package_discovery:discover_packages(recursive) discover
[3.782s] INFO:colcon.colcon_core.package_discovery:Crawling recursively for packages in '/home/tud-rpi-msc-bauer/px4_ros_ws/src/pc21_sysid/src'
[3.784s] Level 1:colcon.colcon_core.package_identification:_identify(.) by extensions ['ignore', 'ignore_ament_install']
[3.784s] Level 1:colcon.colcon_core.package_identification:_identify(.) by extension 'ignore'
[3.785s] Level 1:colcon.colcon_core.package_identification:_identify(.) by extension 'ignore_ament_install'
[3.786s] Level 1:colcon.colcon_core.package_identification:_identify(.) by extensions ['colcon_pkg']
[3.786s] Level 1:colcon.colcon_core.package_identification:_identify(.) by extension 'colcon_pkg'
[3.787s] Level 1:colcon.colcon_core.package_identification:_identify(.) by extensions ['colcon_meta']
[3.787s] Level 1:colcon.colcon_core.package_identification:_identify(.) by extension 'colcon_meta'
[3.788s] Level 1:colcon.colcon_core.package_identification:_identify(.) by extensions ['ros']
[3.789s] Level 1:colcon.colcon_core.package_identification:_identify(.) by extension 'ros'
[3.952s] Level 1:colcon.colcon_core.package_identification:_identify(.) by extensions ['cmake', 'python']
[3.952s] Level 1:colcon.colcon_core.package_identification:_identify(.) by extension 'cmake'
[3.953s] Level 1:colcon.colcon_core.package_identification:_identify(.) by extension 'python'
[3.953s] Level 1:colcon.colcon_core.package_identification:_identify(.) by extensions ['python_setup_py']
[3.954s] Level 1:colcon.colcon_core.package_identification:_identify(.) by extension 'python_setup_py'
[3.955s] Level 1:colcon.colcon_core.package_identification:_identify(build) by extensions ['ignore', 'ignore_ament_install']
[3.955s] Level 1:colcon.colcon_core.package_identification:_identify(build) by extension 'ignore'
[3.956s] Level 1:colcon.colcon_core.package_identification:_identify(build) ignored
[3.957s] Level 1:colcon.colcon_core.package_identification:_identify(install) by extensions ['ignore', 'ignore_ament_install']
[3.958s] Level 1:colcon.colcon_core.package_identification:_identify(install) by extension 'ignore'
[3.958s] Level 1:colcon.colcon_core.package_identification:_identify(install) ignored
[3.959s] Level 1:colcon.colcon_core.package_identification:_identify(log) by extensions ['ignore', 'ignore_ament_install']
[3.960s] Level 1:colcon.colcon_core.package_identification:_identify(log) by extension 'ignore'
[3.961s] Level 1:colcon.colcon_core.package_identification:_identify(log) ignored
[3.962s] Level 1:colcon.colcon_core.package_identification:_identify(maneuvers) by extensions ['ignore', 'ignore_ament_install']
[3.964s] Level 1:colcon.colcon_core.package_identification:_identify(maneuvers) by extension 'ignore'
[3.964s] Level 1:colcon.colcon_core.package_identification:_identify(maneuvers) by extension 'ignore_ament_install'
[3.965s] Level 1:colcon.colcon_core.package_identification:_identify(maneuvers) by extensions ['colcon_pkg']
[3.965s] Level 1:colcon.colcon_core.package_identification:_identify(maneuvers) by extension 'colcon_pkg'
[3.966s] Level 1:colcon.colcon_core.package_identification:_identify(maneuvers) by extensions ['colcon_meta']
[3.966s] Level 1:colcon.colcon_core.package_identification:_identify(maneuvers) by extension 'colcon_meta'
[3.967s] Level 1:colcon.colcon_core.package_identification:_identify(maneuvers) by extensions ['ros']
[3.967s] Level 1:colcon.colcon_core.package_identification:_identify(maneuvers) by extension 'ros'
[3.968s] Level 1:colcon.colcon_core.package_identification:_identify(maneuvers) by extensions ['cmake', 'python']
[3.968s] Level 1:colcon.colcon_core.package_identification:_identify(maneuvers) by extension 'cmake'
[3.969s] Level 1:colcon.colcon_core.package_identification:_identify(maneuvers) by extension 'python'
[3.970s] Level 1:colcon.colcon_core.package_identification:_identify(maneuvers) by extensions ['python_setup_py']
[3.970s] Level 1:colcon.colcon_core.package_identification:_identify(maneuvers) by extension 'python_setup_py'
[3.971s] Level 1:colcon.colcon_core.package_discovery:discover_packages(recursive) using defaults
[3.971s] Level 1:colcon.colcon_core.package_discovery:discover_packages(ignore) discover
[3.971s] Level 1:colcon.colcon_core.package_discovery:discover_packages(ignore) using defaults
[3.972s] Level 1:colcon.colcon_core.package_discovery:discover_packages(path) discover
[3.972s] Level 1:colcon.colcon_core.package_discovery:discover_packages(path) using defaults
[3.973s] WARNING:colcon.colcon_core.package_selection:ignoring unknown package 'pc21_sysid' in --packages-select
[4.236s] Level 1:colcon.colcon_core.package_discovery:discover_packages(prefix_path) check parameters
[4.236s] Level 1:colcon.colcon_core.package_discovery:discover_packages(prefix_path) discover
[4.269s] DEBUG:colcon.colcon_installed_package_information.package_discovery:Found 3 installed packages in /home/tud-rpi-msc-bauer/px4_ros_ws/install
[4.276s] DEBUG:colcon.colcon_installed_package_information.package_discovery:Found 1 installed packages in /home/tud-rpi-msc-bauer/px4_ros_uxrce_dds_ws/src/install
[4.290s] DEBUG:colcon.colcon_installed_package_information.package_discovery:Found 184 installed packages in /opt/ros/humble
[4.301s] Level 1:colcon.colcon_core.package_discovery:discover_packages(prefix_path) using defaults
[4.626s] INFO:colcon.colcon_core.executor:Executing jobs using 'parallel' executor
[4.633s] DEBUG:colcon.colcon_parallel_executor.executor.parallel:run_until_complete
[4.634s] DEBUG:colcon.colcon_parallel_executor.executor.parallel:closing loop
[4.636s] DEBUG:colcon.colcon_parallel_executor.executor.parallel:loop closed
[4.636s] DEBUG:colcon.colcon_parallel_executor.executor.parallel:run_until_complete finished with '0'
[4.636s] DEBUG:colcon.colcon_core.event_reactor:joining thread
[4.638s] DEBUG:colcon.colcon_core.event_reactor:joined thread
[4.676s] INFO:colcon.colcon_core.plugin_system:Skipping extension 'colcon_core.shell.bat': Not used on non-Windows systems
[4.680s] INFO:colcon.colcon_core.shell:Creating prefix script '/home/tud-rpi-msc-bauer/px4_ros_ws/src/pc21_sysid/src/install/local_setup.ps1'
[4.690s] INFO:colcon.colcon_core.shell:Creating prefix util module '/home/tud-rpi-msc-bauer/px4_ros_ws/src/pc21_sysid/src/install/_local_setup_util_ps1.py'
[4.702s] INFO:colcon.colcon_core.shell:Creating prefix chain script '/home/tud-rpi-msc-bauer/px4_ros_ws/src/pc21_sysid/src/install/setup.ps1'
[4.715s] INFO:colcon.colcon_core.shell:Creating prefix script '/home/tud-rpi-msc-bauer/px4_ros_ws/src/pc21_sysid/src/install/local_setup.sh'
[4.725s] INFO:colcon.colcon_core.shell:Creating prefix util module '/home/tud-rpi-msc-bauer/px4_ros_ws/src/pc21_sysid/src/install/_local_setup_util_sh.py'
[4.731s] INFO:colcon.colcon_core.shell:Creating prefix chain script '/home/tud-rpi-msc-bauer/px4_ros_ws/src/pc21_sysid/src/install/setup.sh'
[4.742s] INFO:colcon.colcon_core.shell:Creating prefix script '/home/tud-rpi-msc-bauer/px4_ros_ws/src/pc21_sysid/src/install/local_setup.bash'
[4.747s] INFO:colcon.colcon_core.shell:Creating prefix chain script '/home/tud-rpi-msc-bauer/px4_ros_ws/src/pc21_sysid/src/install/setup.bash'
[4.758s] INFO:colcon.colcon_core.shell:Creating prefix script '/home/tud-rpi-msc-bauer/px4_ros_ws/src/pc21_sysid/src/install/local_setup.zsh'
[4.763s] INFO:colcon.colcon_core.shell:Creating prefix chain script '/home/tud-rpi-msc-bauer/px4_ros_ws/src/pc21_sysid/src/install/setup.zsh'
